// Jest Snapshot v1, https://goo.gl/fbAQLP

exports[`<Edititem/> has a valid snapshot 1`] = `
<div>
  <div
    className="modal"
    id="myModalsundefined"
    role="dialog"
  >
    <div
      className="modal-dialog"
    >
      <div
        className="modal-content"
      >
        <div
          className="modal-header"
        >
          <h4>
            Edit Item
          </h4>
          <button
            className="close"
            data-dismiss="modal"
            id="closeundefined"
            type="button"
          >
            Ã—
          </button>
        </div>
        <div
          className="modal-body"
        >
          <form
            className="register-form"
            method="POST"
            name="login_form"
            onSubmit={[Function]}
          >
            <div
              className="form-group"
            >
              NEW ITEM NAME:
              <input
                className="form-control"
                name="name"
                onChange={[Function]}
                required={true}
                type="text"
                value={undefined}
              />
            </div>
            <div
              className="form-group"
            >
              NEW ITEM PRICE:
              <input
                className="form-control"
                min="0"
                name="price"
                onChange={[Function]}
                required={true}
                step="1"
                type="text"
                value={undefined}
              />
            </div>
            <button
              className="btn btn-info "
              type="submit"
            >
              Save Item
            </button>
          </form>
        </div>
      </div>
    </div>
  </div>
</div>
`;
